// Vitest Snapshot v1, https://vitest.dev/guide/snapshot.html

exports[`Connection-Model Mapping > should match the full model→connection snapshot 1`] = `
{
  "Activity": "CLOUD",
  "AdBulkUploadJob": "CLOUD",
  "AdCreativeMapping": "CLOUD",
  "AdInsights": "CLOUD",
  "AdOptimizationAuditLog": "CLOUD",
  "AdOptimizationConfig": "CLOUD",
  "AdOptimizationRecommendation": "CLOUD",
  "AdPerformance": "CLOUD",
  "AgentCampaign": "AGENT",
  "AgentGoal": "AGENT",
  "AgentInputRequest": "AGENT",
  "AgentMemory": "AGENT",
  "AgentMessageDoc": "AGENT",
  "AgentProfileSnapshot": "AGENT",
  "AgentRoom": "AGENT",
  "AgentRun": "AGENT",
  "AgentSessionBinding": "AGENT",
  "AgentStrategy": "AGENT",
  "AgentStrategyOpportunity": "AGENT",
  "AgentStrategyReport": "AGENT",
  "AgentThreadEvent": "AGENT",
  "AgentThreadSnapshot": "AGENT",
  "AgentWorkflow": "AGENT",
  "Analytic": "ANALYTICS",
  "Announcement": "CLOUD",
  "ApiKey": "AUTH",
  "Article": "CLOUD",
  "ArticleAnalytics": "ANALYTICS",
  "Asset": "CLOUD",
  "Batch": "CLOUD",
  "BatchWorkflowJob": "CLOUD",
  "Bookmark": "CLOUD",
  "Bot": "CLOUD",
  "BotActivity": "CLOUD",
  "Brand": "CLOUD",
  "BrandMemory": "CLOUD",
  "CampaignTarget": "CLOUD",
  "Caption": "CLOUD",
  "ClipProject": "CLIPS",
  "ClipResult": "CLIPS",
  "ContentDraft": "CLOUD",
  "ContentPattern": "CLOUD",
  "ContentPerformance": "CLOUD",
  "ContentPlan": "CLOUD",
  "ContentPlanItem": "CLOUD",
  "ContentRun": "CLOUD",
  "ContentSchedule": "CLOUD",
  "ContentScore": "CLOUD",
  "ContextBase": "CLOUD",
  "ContextEntry": "CLOUD",
  "CreativePattern": "CLOUD",
  "CreatorAnalysis": "CLOUD",
  "Credential": "CLOUD",
  "CreditBalance": "AUTH",
  "CreditTransactions": "AUTH",
  "CronJob": "CLOUD",
  "CronRun": "CLOUD",
  "Customer": "AUTH",
  "CustomerInstance": "CLOUD",
  "Distribution": "CLOUD",
  "EditorProject": "CLOUD",
  "ElementBlacklist": "CLOUD",
  "ElementCamera": "CLOUD",
  "ElementCameraMovement": "CLOUD",
  "ElementLens": "CLOUD",
  "ElementLighting": "CLOUD",
  "ElementMood": "CLOUD",
  "ElementScene": "CLOUD",
  "ElementSound": "CLOUD",
  "ElementStyle": "CLOUD",
  "Evaluation": "CLOUD",
  "FanvueContent": "FANVUE",
  "FanvueEarnings": "FANVUE",
  "FanvueSchedule": "FANVUE",
  "FanvueSubscriber": "FANVUE",
  "FanvueSyncLog": "FANVUE",
  "Folder": "CLOUD",
  "FontFamily": "CLOUD",
  "Forecast": "ANALYTICS",
  "Goal": "CLOUD",
  "Ingredient": "CLOUD",
  "Insight": "ANALYTICS",
  "Lead": "CRM",
  "Link": "CLOUD",
  "LinkClick": "CLOUD",
  "LivestreamBotSession": "CLOUD",
  "Member": "AUTH",
  "Metadata": "CLOUD",
  "Model": "CLOUD",
  "MonitoredAccount": "CLOUD",
  "Newsletter": "CLOUD",
  "Optimization": "CLOUD",
  "OrgIntegration": "CLOUD",
  "Organization": "AUTH",
  "OrganizationSetting": "AUTH",
  "OutreachCampaign": "CLOUD",
  "PatternPlaybook": "CLOUD",
  "Persona": "CLOUD",
  "Post": "CLOUD",
  "PostAnalytics": "ANALYTICS",
  "ProcessedTweet": "CLOUD",
  "Profile": "AUTH",
  "Project": "CLOUD",
  "Prompt": "CLOUD",
  "ReplyBotConfig": "CLOUD",
  "RepurposingJob": "CLOUD",
  "Role": "AUTH",
  "Run": "CLOUD",
  "Schedule": "CLOUD",
  "Setting": "AUTH",
  "Skill": "CLOUD",
  "SkillReceipt": "CLOUD",
  "Streak": "CLOUD",
  "Subscription": "AUTH",
  "SubscriptionAttribution": "AUTH",
  "Tag": "CLOUD",
  "Task": "CLOUD",
  "TaskComment": "CLOUD",
  "TaskCounter": "CLOUD",
  "Template": "CLOUD",
  "TemplateMetadata": "CLOUD",
  "TemplateUsage": "CLOUD",
  "ThreadContextState": "AGENT",
  "TrackedLink": "CLOUD",
  "Training": "CLOUD",
  "Transcript": "CLOUD",
  "Trend": "CLOUD",
  "TrendPreferences": "CLOUD",
  "TrendRemixLineage": "CLOUD",
  "TrendSourceReference": "CLOUD",
  "TrendSourceReferenceLink": "CLOUD",
  "TrendSourceReferenceSnapshot": "CLOUD",
  "TrendingHashtag": "CLOUD",
  "TrendingSound": "CLOUD",
  "TrendingVideo": "CLOUD",
  "User": "AUTH",
  "UserSubscription": "AUTH",
  "Vote": "CLOUD",
  "Watchlist": "CLOUD",
  "Workflow": "CLOUD",
  "WorkflowExecution": "CLOUD",
}
`;
